// Jest Snapshot v1, https://goo.gl/fbAQLP

exports[`Face component Renders correctly 1`] = `ShallowWrapper {}`;
